
> pacman-tdd@0.1.0 test /Users/ricardoarayafarias/GetReal/pacman
> vitest run


 RUN  v4.1.10 /Users/ricardoarayafarias/GetReal/pacman

 ✓ |core| src/core/geometry/direction.test.ts (14 tests) 36ms
 ✓ |core| assets/atlas.test.ts (16 tests) 81ms
 ✓ |core| src/core/rng/rng.test.ts (10 tests) 593ms
 ✓ |dom| src/render/render-scene.test.ts (7 tests) 40ms
 ❯ |dom| src/render/canvas-surface.test.ts (5 tests | 5 failed) 117ms
     × disables image smoothing so pixel art stays sharp 72ms
     × clears the whole canvas 7ms
     × draws the correct atlas region for a named sprite 4ms
     × draws a different region for a different sprite 3ms
     × throws on an unknown sprite name rather than drawing nothing 3ms

⎯⎯⎯⎯⎯⎯⎯ Failed Tests 5 ⎯⎯⎯⎯⎯⎯⎯

 FAIL  |dom| src/render/canvas-surface.test.ts > createCanvasSurface > disables image smoothing so pixel art stays sharp
AssertionError: expected true to be false // Object.is equality

- Expected
+ Received

- false
+ true

 ❯ src/render/canvas-surface.test.ts:36:39
     34|     /* Left on, the browser bilinearly interpolates every upscaled spr…
     35|        the whole game looks like a blurred photograph of an arcade cab…
     36|     expect(ctx.imageSmoothingEnabled).toBe(false);
       |                                       ^
     37|   });
     38|

⎯⎯⎯⎯⎯⎯⎯⎯⎯⎯⎯⎯⎯⎯⎯⎯⎯⎯⎯⎯⎯⎯⎯⎯[1/5]⎯

 FAIL  |dom| src/render/canvas-surface.test.ts > createCanvasSurface > clears the whole canvas
AssertionError: expected "vi.fn()" to be called with arguments: [ +0, +0, 224, 288 ]

Number of calls: 0

 ❯ src/render/canvas-surface.test.ts:45:27
     43|     surface.clear();
     44|
     45|     expect(ctx.clearRect).toHaveBeenCalledWith(0, 0, 224, 288);
       |                           ^
     46|   });
     47|

⎯⎯⎯⎯⎯⎯⎯⎯⎯⎯⎯⎯⎯⎯⎯⎯⎯⎯⎯⎯⎯⎯⎯⎯[2/5]⎯

 FAIL  |dom| src/render/canvas-surface.test.ts > createCanvasSurface > draws the correct atlas region for a named sprite
AssertionError: expected "vi.fn()" to be called with arguments: [ {}, 48, +0, 16, 16, 10, 20, 16, 16 ]

Number of calls: 0

 ❯ src/render/canvas-surface.test.ts:56:27
     54|     /* Source rectangle comes from the manifest; destination is where …
     55|        caller asked, at the sprite's natural size. */
     56|     expect(ctx.drawImage).toHaveBeenCalledWith(fakeImage, 48, 0, 16, 1…
       |                           ^
     57|   });
     58|

⎯⎯⎯⎯⎯⎯⎯⎯⎯⎯⎯⎯⎯⎯⎯⎯⎯⎯⎯⎯⎯⎯⎯⎯[3/5]⎯

 FAIL  |dom| src/render/canvas-surface.test.ts > createCanvasSurface > draws a different region for a different sprite
AssertionError: expected "vi.fn()" to be called with arguments: [ {}, 32, +0, 16, 16, +0, +0, 16, 16 ]

Number of calls: 0

 ❯ src/render/canvas-surface.test.ts:65:27
     63|     surface.drawSprite('pacman-closed', 0, 0);
     64|
     65|     expect(ctx.drawImage).toHaveBeenCalledWith(fakeImage, 32, 0, 16, 1…
       |                           ^
     66|   });
     67|

⎯⎯⎯⎯⎯⎯⎯⎯⎯⎯⎯⎯⎯⎯⎯⎯⎯⎯⎯⎯⎯⎯⎯⎯[4/5]⎯

 FAIL  |dom| src/render/canvas-surface.test.ts > createCanvasSurface > throws on an unknown sprite name rather than drawing nothing
AssertionError: expected [Function] to throw an error

- Expected:
null

+ Received:
undefined

 ❯ src/render/canvas-surface.test.ts:76:8
     74|     expect(() => {
     75|       surface.drawSprite('no-such-sprite', 0, 0);
     76|     }).toThrow(/no-such-sprite/);
       |        ^
     77|
     78|     expect(ctx.drawImage).not.toHaveBeenCalled();

⎯⎯⎯⎯⎯⎯⎯⎯⎯⎯⎯⎯⎯⎯⎯⎯⎯⎯⎯⎯⎯⎯⎯⎯[5/5]⎯


 Test Files  1 failed | 4 passed (5)
      Tests  5 failed | 47 passed (52)
   Start at  22:22:23
   Duration  8.58s (transform 2.10s, setup 2.25s, import 2.47s, tests 867ms, environment 11.93s)

 ELIFECYCLE  Test failed. See above for more details.
