
 RUN  v4.1.10 /Users/ricardoarayafarias/GetReal/pacman

 × |core| assets/music/songs.test.ts > the song table > has a tune for every cue the game can request 8ms
   → expected [] to deeply equal [ 'chomp', 'death', 'extraLife', …(6) ]
 × |core| assets/music/songs.test.ts > the song table > gives every tune at least one note 1ms
   → No song for cue 'intro'
 × |core| assets/music/songs.test.ts > the song table > keeps every pitch within the audible arcade range 0ms
   → No song for cue 'intro'
 × |core| assets/music/songs.test.ts > the song table > gives every note a positive duration 0ms
   → No song for cue 'intro'
 × |core| assets/music/songs.test.ts > the song table > loops the continuous sounds and only those 0ms
   → No song for cue 'intro'
 × |core| assets/music/songs.test.ts > the song table > keeps the death jingle within its animation 0ms
   → No song for cue 'death'
 × |core| assets/music/songs.test.ts > the song table > keeps the chomp shorter than the gap between two dots 0ms
   → No song for cue 'chomp'
 × |core| assets/music/songs.test.ts > the song table > converts every authored pitch to an audible frequency 0ms
   → No song for cue 'intro'
 × |core| assets/music/songs.test.ts > the song table > gives the intro a real melody rather than a placeholder 1ms
   → No song for cue 'intro'

⎯⎯⎯⎯⎯⎯⎯ Failed Tests 9 ⎯⎯⎯⎯⎯⎯⎯

 FAIL  |core| assets/music/songs.test.ts > the song table > has a tune for every cue the game can request
AssertionError: expected [] to deeply equal [ 'chomp', 'death', 'extraLife', …(6) ]

- Expected
+ Received

- [
-   "chomp",
-   "death",
-   "extraLife",
-   "frightened",
-   "fruitEaten",
-   "ghostEaten",
-   "intro",
-   "retreating",
-   "siren",
- ]
+ []

 ❯ assets/music/songs.test.ts:64:44
     62|        something the compiler can prove, which is the same as asserting
     63|        nothing. Reading Object.keys steps outside the claim and measur…
     64|     expect([...Object.keys(SONGS)].sort()).toEqual([...ALL_AUDIO_CUES]…
       |                                            ^
     65|   });
     66|

⎯⎯⎯⎯⎯⎯⎯⎯⎯⎯⎯⎯⎯⎯⎯⎯⎯⎯⎯⎯⎯⎯⎯⎯[1/9]⎯

 FAIL  |core| assets/music/songs.test.ts > the song table > gives every tune at least one note
Error: No song for cue 'intro'
 ❯ requireSong assets/music/songs.test.ts:42:11
     40|   const song = table[cue];
     41|   if (song === undefined) {
     42|     throw new Error(`No song for cue '${cue}'`);
       |           ^
     43|   }
     44|   return song;
 ❯ assets/music/songs.test.ts:80:14

⎯⎯⎯⎯⎯⎯⎯⎯⎯⎯⎯⎯⎯⎯⎯⎯⎯⎯⎯⎯⎯⎯⎯⎯[2/9]⎯

 FAIL  |core| assets/music/songs.test.ts > the song table > keeps every pitch within the audible arcade range
Error: No song for cue 'intro'
 ❯ requireSong assets/music/songs.test.ts:42:11
     40|   const song = table[cue];
     41|   if (song === undefined) {
     42|     throw new Error(`No song for cue '${cue}'`);
       |           ^
     43|   }
     44|   return song;
 ❯ assets/music/songs.test.ts:97:7
 ❯ assets/music/songs.test.ts:96:36

⎯⎯⎯⎯⎯⎯⎯⎯⎯⎯⎯⎯⎯⎯⎯⎯⎯⎯⎯⎯⎯⎯⎯⎯[3/9]⎯

 FAIL  |core| assets/music/songs.test.ts > the song table > gives every note a positive duration
Error: No song for cue 'intro'
 ❯ requireSong assets/music/songs.test.ts:42:11
     40|   const song = table[cue];
     41|   if (song === undefined) {
     42|     throw new Error(`No song for cue '${cue}'`);
       |           ^
     43|   }
     44|   return song;
 ❯ assets/music/songs.test.ts:120:7
 ❯ assets/music/songs.test.ts:119:38

⎯⎯⎯⎯⎯⎯⎯⎯⎯⎯⎯⎯⎯⎯⎯⎯⎯⎯⎯⎯⎯⎯⎯⎯[4/9]⎯

 FAIL  |core| assets/music/songs.test.ts > the song table > loops the continuous sounds and only those
Error: No song for cue 'intro'
 ❯ requireSong assets/music/songs.test.ts:42:11
     40|   const song = table[cue];
     41|   if (song === undefined) {
     42|     throw new Error(`No song for cue '${cue}'`);
       |           ^
     43|   }
     44|   return song;
 ❯ assets/music/songs.test.ts:141:52
 ❯ assets/music/songs.test.ts:141:36

⎯⎯⎯⎯⎯⎯⎯⎯⎯⎯⎯⎯⎯⎯⎯⎯⎯⎯⎯⎯⎯⎯⎯⎯[5/9]⎯

 FAIL  |core| assets/music/songs.test.ts > the song table > keeps the death jingle within its animation
Error: No song for cue 'death'
 ❯ requireSong assets/music/songs.test.ts:42:11
     40|   const song = table[cue];
     41|   if (song === undefined) {
     42|     throw new Error(`No song for cue '${cue}'`);
       |           ^
     43|   }
     44|   return song;
 ❯ assets/music/songs.test.ts:159:24

⎯⎯⎯⎯⎯⎯⎯⎯⎯⎯⎯⎯⎯⎯⎯⎯⎯⎯⎯⎯⎯⎯⎯⎯[6/9]⎯

 FAIL  |core| assets/music/songs.test.ts > the song table > keeps the chomp shorter than the gap between two dots
Error: No song for cue 'chomp'
 ❯ requireSong assets/music/songs.test.ts:42:11
     40|   const song = table[cue];
     41|   if (song === undefined) {
     42|     throw new Error(`No song for cue '${cue}'`);
       |           ^
     43|   }
     44|   return song;
 ❯ assets/music/songs.test.ts:173:24

⎯⎯⎯⎯⎯⎯⎯⎯⎯⎯⎯⎯⎯⎯⎯⎯⎯⎯⎯⎯⎯⎯⎯⎯[7/9]⎯

 FAIL  |core| assets/music/songs.test.ts > the song table > converts every authored pitch to an audible frequency
Error: No song for cue 'intro'
 ❯ requireSong assets/music/songs.test.ts:42:11
     40|   const song = table[cue];
     41|   if (song === undefined) {
     42|     throw new Error(`No song for cue '${cue}'`);
       |           ^
     43|   }
     44|   return song;
 ❯ assets/music/songs.test.ts:191:7
 ❯ assets/music/songs.test.ts:190:40

⎯⎯⎯⎯⎯⎯⎯⎯⎯⎯⎯⎯⎯⎯⎯⎯⎯⎯⎯⎯⎯⎯⎯⎯[8/9]⎯

 FAIL  |core| assets/music/songs.test.ts > the song table > gives the intro a real melody rather than a placeholder
Error: No song for cue 'intro'
 ❯ requireSong assets/music/songs.test.ts:42:11
     40|   const song = table[cue];
     41|   if (song === undefined) {
     42|     throw new Error(`No song for cue '${cue}'`);
       |           ^
     43|   }
     44|   return song;
 ❯ assets/music/songs.test.ts:215:19

⎯⎯⎯⎯⎯⎯⎯⎯⎯⎯⎯⎯⎯⎯⎯⎯⎯⎯⎯⎯⎯⎯⎯⎯[9/9]⎯


 Test Files  1 failed (1)
      Tests  9 failed (9)
   Start at  22:01:27
   Duration  257ms (transform 43ms, setup 54ms, import 28ms, tests 13ms, environment 0ms)

